// Jest Snapshot v1, https://goo.gl/fbAQLP

exports[`icon render successfully 1`] = `
<svg
  className="simple-icon"
>
  <use
    xlinkHref="#weChat"
  />
</svg>
`;

exports[`icon 是个icon 1`] = `
<svg
  className="simple-icon"
>
  <use
    xlinkHref="#weChat"
  />
</svg>
`;
